[
  {
    "collectionNames": [
      "Friday the 13th"
    ],
    "directorNames": [],
    "grade": null,
    "gradeValue": null,
    "imdbId": "tt0080761",
    "performerNames": [],
    "releaseSequence": "1980-05-09tt0080761",
    "slug": null,
    "sortTitle": "Friday the 13th (1980)",
    "title": "Friday the 13th",
    "writerNames": [],
    "year": "1980"
  },
  {
    "collectionNames": [
      "Friday the 13th"
    ],
    "directorNames": [],
    "grade": null,
    "gradeValue": null,
    "imdbId": "tt0082418",
    "performerNames": [],
    "releaseSequence": "1981-05-01tt0082418",
    "slug": null,
    "sortTitle": "Friday the 13th Part 2 (1981)",
    "title": "Friday the 13th Part 2",
    "writerNames": [],
    "year": "1981"
  },
  {
    "collectionNames": [
      "Friday the 13th"
    ],
    "directorNames": [],
    "grade": null,
    "gradeValue": null,
    "imdbId": "tt0083972",
    "performerNames": [],
    "releaseSequence": "1982-08-13tt0083972",
    "slug": null,
    "sortTitle": "Friday the 13th: Part 3 (1982)",
    "title": "Friday the 13th: Part 3",
    "writerNames": [],
    "year": "1982"
  },
  {
    "collectionNames": [
      "Friday the 13th"
    ],
    "directorNames": [],
    "grade": null,
    "gradeValue": null,
    "imdbId": "tt0087298",
    "performerNames": [],
    "releaseSequence": "1984-04-13tt0087298",
    "slug": null,
    "sortTitle": "Friday the 13th: The Final Chapter (1984)",
    "title": "Friday the 13th: The Final Chapter",
    "writerNames": [],
    "year": "1984"
  },
  {
    "collectionNames": [
      "Friday the 13th"
    ],
    "directorNames": [],
    "grade": null,
    "gradeValue": null,
    "imdbId": "tt0089173",
    "performerNames": [],
    "releaseSequence": "1985-03-22tt0089173",
    "slug": null,
    "sortTitle": "Friday the 13th: A New Beginning (1985)",
    "title": "Friday the 13th: A New Beginning",
    "writerNames": [],
    "year": "1985"
  },
  {
    "collectionNames": [
      "Friday the 13th"
    ],
    "directorNames": [],
    "grade": null,
    "gradeValue": null,
    "imdbId": "tt0091080",
    "performerNames": [],
    "releaseSequence": "1986-08-01tt0091080",
    "slug": null,
    "sortTitle": "Friday the 13th Part VI: Jason Lives (1986)",
    "title": "Friday the 13th Part VI: Jason Lives",
    "writerNames": [],
    "year": "1986"
  },
  {
    "collectionNames": [
      "Friday the 13th"
    ],
    "directorNames": [],
    "grade": null,
    "gradeValue": null,
    "imdbId": "tt0095179",
    "performerNames": [],
    "releaseSequence": "1988-05-13tt0095179",
    "slug": null,
    "sortTitle": "Friday the 13th: The New Blood (1988)",
    "title": "Friday the 13th: The New Blood",
    "writerNames": [],
    "year": "1988"
  },
  {
    "collectionNames": [
      "Friday the 13th"
    ],
    "directorNames": [],
    "grade": null,
    "gradeValue": null,
    "imdbId": "tt0097388",
    "performerNames": [],
    "releaseSequence": "1989-07-28tt0097388",
    "slug": null,
    "sortTitle": "Friday the 13th Part VIII: Jason Takes Manhattan (1989)",
    "title": "Friday the 13th Part VIII: Jason Takes Manhattan",
    "writerNames": [],
    "year": "1989"
  },
  {
    "collectionNames": [
      "Friday the 13th"
    ],
    "directorNames": [],
    "grade": null,
    "gradeValue": null,
    "imdbId": "tt0107254",
    "performerNames": [],
    "releaseSequence": "1993-08-13tt0107254",
    "slug": null,
    "sortTitle": "Jason Goes to Hell (1993)",
    "title": "Jason Goes to Hell",
    "writerNames": [],
    "year": "1993"
  },
  {
    "collectionNames": [
      "Friday the 13th"
    ],
    "directorNames": [],
    "grade": null,
    "gradeValue": null,
    "imdbId": "tt0211443",
    "performerNames": [],
    "releaseSequence": "2001-??-??tt0211443",
    "slug": null,
    "sortTitle": "Jason X (2001)",
    "title": "Jason X",
    "writerNames": [],
    "year": "2001"
  },
  {
    "collectionNames": [
      "Friday the 13th"
    ],
    "directorNames": [],
    "grade": null,
    "gradeValue": null,
    "imdbId": "tt0329101",
    "performerNames": [],
    "releaseSequence": "2003-08-15tt0329101",
    "slug": null,
    "sortTitle": "Freddy vs. Jason (2003)",
    "title": "Freddy vs. Jason",
    "writerNames": [],
    "year": "2003"
  },
  {
    "collectionNames": [
      "Friday the 13th"
    ],
    "directorNames": [],
    "grade": null,
    "gradeValue": null,
    "imdbId": "tt0758746",
    "performerNames": [],
    "releaseSequence": "2009-02-13tt0758746",
    "slug": null,
    "sortTitle": "Friday the 13th (2009)",
    "title": "Friday the 13th",
    "writerNames": [],
    "year": "2009"
  }
]
