[
  {
    "name": "Friday the 13th",
    "reviewCount": 0,
    "slug": null,
    "titleCount": 12,
    "titles": [
      {
        "grade": null,
        "gradeValue": null,
        "imdbId": "tt0080761",
        "releaseSequence": "1980-05-09tt0080761",
        "slug": null,
        "sortTitle": "Friday the 13th (1980)",
        "title": "Friday the 13th",
        "year": "1980"
      },
      {
        "grade": null,
        "gradeValue": null,
        "imdbId": "tt0082418",
        "releaseSequence": "1981-05-01tt0082418",
        "slug": null,
        "sortTitle": "Friday the 13th Part 2 (1981)",
        "title": "Friday the 13th Part 2",
        "year": "1981"
      },
      {
        "grade": null,
        "gradeValue": null,
        "imdbId": "tt0083972",
        "releaseSequence": "1982-08-13tt0083972",
        "slug": null,
        "sortTitle": "Friday the 13th: Part 3 (1982)",
        "title": "Friday the 13th: Part 3",
        "year": "1982"
      },
      {
        "grade": null,
        "gradeValue": null,
        "imdbId": "tt0087298",
        "releaseSequence": "1984-04-13tt0087298",
        "slug": null,
        "sortTitle": "Friday the 13th: The Final Chapter (1984)",
        "title": "Friday the 13th: The Final Chapter",
        "year": "1984"
      },
      {
        "grade": null,
        "gradeValue": null,
        "imdbId": "tt0089173",
        "releaseSequence": "1985-03-22tt0089173",
        "slug": null,
        "sortTitle": "Friday the 13th: A New Beginning (1985)",
        "title": "Friday the 13th: A New Beginning",
        "year": "1985"
      },
      {
        "grade": null,
        "gradeValue": null,
        "imdbId": "tt0091080",
        "releaseSequence": "1986-08-01tt0091080",
        "slug": null,
        "sortTitle": "Friday the 13th Part VI: Jason Lives (1986)",
        "title": "Friday the 13th Part VI: Jason Lives",
        "year": "1986"
      },
      {
        "grade": null,
        "gradeValue": null,
        "imdbId": "tt0095179",
        "releaseSequence": "1988-05-13tt0095179",
        "slug": null,
        "sortTitle": "Friday the 13th: The New Blood (1988)",
        "title": "Friday the 13th: The New Blood",
        "year": "1988"
      },
      {
        "grade": null,
        "gradeValue": null,
        "imdbId": "tt0097388",
        "releaseSequence": "1989-07-28tt0097388",
        "slug": null,
        "sortTitle": "Friday the 13th Part VIII: Jason Takes Manhattan (1989)",
        "title": "Friday the 13th Part VIII: Jason Takes Manhattan",
        "year": "1989"
      },
      {
        "grade": null,
        "gradeValue": null,
        "imdbId": "tt0107254",
        "releaseSequence": "1993-08-13tt0107254",
        "slug": null,
        "sortTitle": "Jason Goes to Hell (1993)",
        "title": "Jason Goes to Hell",
        "year": "1993"
      },
      {
        "grade": null,
        "gradeValue": null,
        "imdbId": "tt0211443",
        "releaseSequence": "2001-??-??tt0211443",
        "slug": null,
        "sortTitle": "Jason X (2001)",
        "title": "Jason X",
        "year": "2001"
      },
      {
        "grade": null,
        "gradeValue": null,
        "imdbId": "tt0329101",
        "releaseSequence": "2003-08-15tt0329101",
        "slug": null,
        "sortTitle": "Freddy vs. Jason (2003)",
        "title": "Freddy vs. Jason",
        "year": "2003"
      },
      {
        "grade": null,
        "gradeValue": null,
        "imdbId": "tt0758746",
        "releaseSequence": "2009-02-13tt0758746",
        "slug": null,
        "sortTitle": "Friday the 13th (2009)",
        "title": "Friday the 13th",
        "year": "2009"
      }
    ]
  }
]
