[
  {
    "genres": [
      "Crime",
      "Drama",
      "Mystery",
      "Thriller"
    ],
    "medium": null,
    "releaseSequence": "2011-12-21tt1568346",
    "sequence": 1,
    "slug": null,
    "sortTitle": "Girl with the Dragon Tattoo (2011)",
    "title": "The Girl with the Dragon Tattoo",
    "venue": null,
    "viewingDate": "2012-01-05",
    "viewingYear": "2012",
    "year": "2011"
  },
  {
    "genres": [
      "Horror"
    ],
    "medium": "TCM HD",
    "releaseSequence": "1959-07-29tt0053363",
    "sequence": 2,
    "slug": null,
    "sortTitle": "Tingler (1959)",
    "title": "The Tingler",
    "venue": "TCM HD",
    "viewingDate": "2012-01-11",
    "viewingYear": "2012",
    "year": "1959"
  },
  {
    "genres": [
      "Fantasy",
      "Horror",
      "Mystery",
      "Thriller"
    ],
    "medium": "TCM HD",
    "releaseSequence": "1957-??-??tt0050766",
    "sequence": 3,
    "slug": null,
    "sortTitle": "Curse of the Demon (1957)",
    "title": "Curse of the Demon",
    "venue": "TCM HD",
    "viewingDate": "2012-01-11",
    "viewingYear": "2012",
    "year": "1957"
  },
  {
    "genres": [
      "Crime",
      "Drama",
      "Mystery",
      "Thriller"
    ],
    "medium": "Netflix",
    "releaseSequence": "2009-??-??tt1132620",
    "sequence": 4,
    "slug": null,
    "sortTitle": "Girl with the Dragon Tattoo (2009)",
    "title": "The Girl with the Dragon Tattoo",
    "venue": "Netflix",
    "viewingDate": "2012-01-11",
    "viewingYear": "2012",
    "year": "2009"
  },
  {
    "genres": [
      "Action",
      "Drama",
      "Horror",
      "Mystery",
      "Romance"
    ],
    "medium": "TCM HD",
    "releaseSequence": "1933-11-25tt0024055",
    "sequence": 5,
    "slug": null,
    "sortTitle": "Ghoul (1933)",
    "title": "The Ghoul",
    "venue": "TCM HD",
    "viewingDate": "2012-01-12",
    "viewingYear": "2012",
    "year": "1933"
  },
  {
    "genres": [
      "Drama",
      "Horror",
      "Mystery"
    ],
    "medium": "TCM HD",
    "releaseSequence": "1961-08-23tt0055304",
    "sequence": 6,
    "slug": null,
    "sortTitle": "Pit and the Pendulum (1961)",
    "title": "The Pit and the Pendulum",
    "venue": "TCM HD",
    "viewingDate": "2012-01-12",
    "viewingYear": "2012",
    "year": "1961"
  },
  {
    "genres": [
      "Drama",
      "Horror"
    ],
    "medium": "TCM HD",
    "releaseSequence": "1964-10-30tt0058333",
    "sequence": 7,
    "slug": null,
    "sortTitle": "Masque of the Red Death (1964)",
    "title": "The Masque of the Red Death",
    "venue": "TCM HD",
    "viewingDate": "2012-01-12",
    "viewingYear": "2012",
    "year": "1964"
  },
  {
    "genres": [
      "Horror",
      "Thriller"
    ],
    "medium": "TCM HD",
    "releaseSequence": "1945-06-25tt0037549",
    "sequence": 8,
    "slug": null,
    "sortTitle": "Body Snatcher (1945)",
    "title": "The Body Snatcher",
    "venue": "TCM HD",
    "viewingDate": "2012-01-12",
    "viewingYear": "2012",
    "year": "1945"
  },
  {
    "genres": [
      "Horror"
    ],
    "medium": "Netflix",
    "releaseSequence": "1977-02-11tt0076683",
    "sequence": 9,
    "slug": null,
    "sortTitle": "Sentinel (1977)",
    "title": "The Sentinel",
    "venue": "Netflix",
    "viewingDate": "2012-01-12",
    "viewingYear": "2012",
    "year": "1977"
  },
  {
    "genres": [
      "Crime",
      "Drama",
      "Film-Noir",
      "Mystery",
      "Thriller"
    ],
    "medium": "TCM HD",
    "releaseSequence": "1944-??-??tt0037101",
    "sequence": 10,
    "slug": null,
    "sortTitle": "Murder, My Sweet (1944)",
    "title": "Murder, My Sweet",
    "venue": "TCM HD",
    "viewingDate": "2012-01-13",
    "viewingYear": "2012",
    "year": "1944"
  }
]
